Archive member included because of file (symbol)

c:/freescale/kds_3.0.0/toolchain/bin/../lib/gcc/arm-none-eabi/4.8.4/../../../../arm-none-eabi/lib/armv7e-m\libg_s.a(lib_a-errno.o)
                              ./utilities/fsl_sbrk.o (__errno)
c:/freescale/kds_3.0.0/toolchain/bin/../lib/gcc/arm-none-eabi/4.8.4/../../../../arm-none-eabi/lib/armv7e-m\libg_s.a(lib_a-exit.o)
                              c:/freescale/kds_3.0.0/toolchain/bin/../lib/gcc/arm-none-eabi/4.8.4/../../../../arm-none-eabi/lib/armv7e-m/crt0.o (exit)
c:/freescale/kds_3.0.0/toolchain/bin/../lib/gcc/arm-none-eabi/4.8.4/../../../../arm-none-eabi/lib/armv7e-m\libg_s.a(lib_a-impure.o)
                              c:/freescale/kds_3.0.0/toolchain/bin/../lib/gcc/arm-none-eabi/4.8.4/../../../../arm-none-eabi/lib/armv7e-m\libg_s.a(lib_a-exit.o) (_global_impure_ptr)
c:/freescale/kds_3.0.0/toolchain/bin/../lib/gcc/arm-none-eabi/4.8.4/../../../../arm-none-eabi/lib/armv7e-m\libg_s.a(lib_a-init.o)
                              c:/freescale/kds_3.0.0/toolchain/bin/../lib/gcc/arm-none-eabi/4.8.4/../../../../arm-none-eabi/lib/armv7e-m/crt0.o (__libc_init_array)
c:/freescale/kds_3.0.0/toolchain/bin/../lib/gcc/arm-none-eabi/4.8.4/../../../../arm-none-eabi/lib/armv7e-m\libg_s.a(lib_a-memcpy-stub.o)
                              ./drivers/fsl_enet.o (memcpy)
c:/freescale/kds_3.0.0/toolchain/bin/../lib/gcc/arm-none-eabi/4.8.4/../../../../arm-none-eabi/lib/armv7e-m\libg_s.a(lib_a-memmove.o)
                              ./utilities/fsl_shell.o (memmove)
c:/freescale/kds_3.0.0/toolchain/bin/../lib/gcc/arm-none-eabi/4.8.4/../../../../arm-none-eabi/lib/armv7e-m\libg_s.a(lib_a-memset.o)
                              c:/freescale/kds_3.0.0/toolchain/bin/../lib/gcc/arm-none-eabi/4.8.4/../../../../arm-none-eabi/lib/armv7e-m/crt0.o (memset)
c:/freescale/kds_3.0.0/toolchain/bin/../lib/gcc/arm-none-eabi/4.8.4/../../../../arm-none-eabi/lib/armv7e-m\libg_s.a(lib_a-printf.o)
                              ./source/main.o (printf)
c:/freescale/kds_3.0.0/toolchain/bin/../lib/gcc/arm-none-eabi/4.8.4/../../../../arm-none-eabi/lib/armv7e-m\libg_s.a(lib_a-puts.o)
                              ./source/main.o (puts)
c:/freescale/kds_3.0.0/toolchain/bin/../lib/gcc/arm-none-eabi/4.8.4/../../../../arm-none-eabi/lib/armv7e-m\libg_s.a(lib_a-strlen.o)
                              ./utilities/fsl_debug_console.o (strlen)
c:/freescale/kds_3.0.0/toolchain/bin/../lib/gcc/arm-none-eabi/4.8.4/../../../../arm-none-eabi/lib/armv7e-m\libg_s.a(lib_a-vfprintf.o)
                              c:/freescale/kds_3.0.0/toolchain/bin/../lib/gcc/arm-none-eabi/4.8.4/../../../../arm-none-eabi/lib/armv7e-m\libg_s.a(lib_a-printf.o) (_vfprintf_r)
c:/freescale/kds_3.0.0/toolchain/bin/../lib/gcc/arm-none-eabi/4.8.4/../../../../arm-none-eabi/lib/armv7e-m\libg_s.a(lib_a-vfprintf_i.o)
                              c:/freescale/kds_3.0.0/toolchain/bin/../lib/gcc/arm-none-eabi/4.8.4/../../../../arm-none-eabi/lib/armv7e-m\libg_s.a(lib_a-vfprintf.o) (_printf_i)
c:/freescale/kds_3.0.0/toolchain/bin/../lib/gcc/arm-none-eabi/4.8.4/../../../../arm-none-eabi/lib/armv7e-m\libg_s.a(lib_a-wbuf.o)
                              c:/freescale/kds_3.0.0/toolchain/bin/../lib/gcc/arm-none-eabi/4.8.4/../../../../arm-none-eabi/lib/armv7e-m\libg_s.a(lib_a-puts.o) (__swbuf_r)
c:/freescale/kds_3.0.0/toolchain/bin/../lib/gcc/arm-none-eabi/4.8.4/../../../../arm-none-eabi/lib/armv7e-m\libg_s.a(lib_a-wsetup.o)
                              c:/freescale/kds_3.0.0/toolchain/bin/../lib/gcc/arm-none-eabi/4.8.4/../../../../arm-none-eabi/lib/armv7e-m\libg_s.a(lib_a-puts.o) (__swsetup_r)
c:/freescale/kds_3.0.0/toolchain/bin/../lib/gcc/arm-none-eabi/4.8.4/../../../../arm-none-eabi/lib/armv7e-m\libg_s.a(lib_a-fflush.o)
                              c:/freescale/kds_3.0.0/toolchain/bin/../lib/gcc/arm-none-eabi/4.8.4/../../../../arm-none-eabi/lib/armv7e-m\libg_s.a(lib_a-wbuf.o) (_fflush_r)
c:/freescale/kds_3.0.0/toolchain/bin/../lib/gcc/arm-none-eabi/4.8.4/../../../../arm-none-eabi/lib/armv7e-m\libg_s.a(lib_a-findfp.o)
                              c:/freescale/kds_3.0.0/toolchain/bin/../lib/gcc/arm-none-eabi/4.8.4/../../../../arm-none-eabi/lib/armv7e-m\libg_s.a(lib_a-printf.o) (__sinit)
c:/freescale/kds_3.0.0/toolchain/bin/../lib/gcc/arm-none-eabi/4.8.4/../../../../arm-none-eabi/lib/armv7e-m\libg_s.a(lib_a-fvwrite.o)
                              c:/freescale/kds_3.0.0/toolchain/bin/../lib/gcc/arm-none-eabi/4.8.4/../../../../arm-none-eabi/lib/armv7e-m\libg_s.a(lib_a-vfprintf.o) (__sfvwrite_r)
c:/freescale/kds_3.0.0/toolchain/bin/../lib/gcc/arm-none-eabi/4.8.4/../../../../arm-none-eabi/lib/armv7e-m\libg_s.a(lib_a-fwalk.o)
                              c:/freescale/kds_3.0.0/toolchain/bin/../lib/gcc/arm-none-eabi/4.8.4/../../../../arm-none-eabi/lib/armv7e-m\libg_s.a(lib_a-findfp.o) (_fwalk)
[...]
Memory Configuration

Name             Origin             Length             Attributes
m_interrupts     0x00000000         0x00000400         xr
m_flash_config   0x00000400         0x00000010         xr
m_text           0x00000410         0x0007fbf0         xr
m_data           0x1fff0000         0x00010000         rw
m_data_2         0x20000000         0x00010000         rw
*default*        0x00000000         0xffffffff

Linker script and memory map

LOAD c:/freescale/kds_3.0.0/toolchain/bin/../lib/gcc/arm-none-eabi/4.8.4/armv7e-m/crti.o
LOAD c:/freescale/kds_3.0.0/toolchain/bin/../lib/gcc/arm-none-eabi/4.8.4/armv7e-m/crtbegin.o
LOAD c:/freescale/kds_3.0.0/toolchain/bin/../lib/gcc/arm-none-eabi/4.8.4/../../../../arm-none-eabi/lib/armv7e-m/crt0.o
LOAD ./utilities/fsl_debug_console.o
LOAD ./utilities/fsl_notifier.o
LOAD ./utilities/fsl_sbrk.o
LOAD ./utilities/fsl_shell.o
LOAD ./startup/startup_MK60D10.o
LOAD ./source/main.o
LOAD ./drivers/fsl_adc16.o
LOAD ./drivers/fsl_clock.o
LOAD ./drivers/fsl_cmp.o
LOAD ./drivers/fsl_cmt.o
LOAD ./drivers/fsl_common.o
LOAD ./drivers/fsl_crc.o
LOAD ./drivers/fsl_dac.o
LOAD ./drivers/fsl_dmamux.o
LOAD ./drivers/fsl_dspi.o
LOAD ./drivers/fsl_dspi_edma.o
LOAD ./drivers/fsl_edma.o
LOAD ./drivers/fsl_enet.o
LOAD ./drivers/fsl_ewm.o
LOAD ./drivers/fsl_flash.o
LOAD ./drivers/fsl_flexbus.o
LOAD ./drivers/fsl_flexcan.o
LOAD ./drivers/fsl_ftm.o
LOAD ./drivers/fsl_gpio.o
LOAD ./drivers/fsl_i2c.o
LOAD ./drivers/fsl_i2c_edma.o
LOAD ./drivers/fsl_llwu.o
LOAD ./drivers/fsl_lptmr.o
LOAD ./drivers/fsl_pdb.o
LOAD ./drivers/fsl_pit.o
LOAD ./drivers/fsl_pmc.o
LOAD ./drivers/fsl_rcm.o
LOAD ./drivers/fsl_rnga.o
LOAD ./drivers/fsl_rtc.o
LOAD ./drivers/fsl_sai.o
LOAD ./drivers/fsl_sai_edma.o
LOAD ./drivers/fsl_sdhc.o
LOAD ./drivers/fsl_sim.o
LOAD ./drivers/fsl_smc.o
LOAD ./drivers/fsl_sysmpu.o
LOAD ./drivers/fsl_tsi_v2.o
LOAD ./drivers/fsl_uart.o
LOAD ./drivers/fsl_uart_edma.o
LOAD ./drivers/fsl_vref.o
LOAD ./drivers/fsl_wdog.o
LOAD ./board/board.o
LOAD ./board/clock_config.o
LOAD ./board/pin_mux.o
LOAD ./CMSIS/system_MK60D10.o
LOAD c:/freescale/kds_3.0.0/toolchain/bin/../lib/gcc/arm-none-eabi/4.8.4/../../../../arm-none-eabi/lib/armv7e-m\libstdc++_s.a
LOAD c:/freescale/kds_3.0.0/toolchain/bin/../lib/gcc/arm-none-eabi/4.8.4/../../../../arm-none-eabi/lib/armv7e-m\libm.a
START GROUP
LOAD c:/freescale/kds_3.0.0/toolchain/bin/../lib/gcc/arm-none-eabi/4.8.4/armv7e-m\libgcc.a
LOAD c:/freescale/kds_3.0.0/toolchain/bin/../lib/gcc/arm-none-eabi/4.8.4/../../../../arm-none-eabi/lib/armv7e-m\libg_s.a
LOAD c:/freescale/kds_3.0.0/toolchain/bin/../lib/gcc/arm-none-eabi/4.8.4/../../../../arm-none-eabi/lib/armv7e-m\libc_s.a
END GROUP
START GROUP
LOAD c:/freescale/kds_3.0.0/toolchain/bin/../lib/gcc/arm-none-eabi/4.8.4/armv7e-m\libgcc.a
LOAD c:/freescale/kds_3.0.0/toolchain/bin/../lib/gcc/arm-none-eabi/4.8.4/../../../../arm-none-eabi/lib/armv7e-m\libc_s.a
LOAD c:/freescale/kds_3.0.0/toolchain/bin/../lib/gcc/arm-none-eabi/4.8.4/../../../../arm-none-eabi/lib/armv7e-m\libnosys.a
END GROUP
START GROUP
LOAD c:/freescale/kds_3.0.0/toolchain/bin/../lib/gcc/arm-none-eabi/4.8.4/armv7e-m\libgcc.a
LOAD c:/freescale/kds_3.0.0/toolchain/bin/../lib/gcc/arm-none-eabi/4.8.4/../../../../arm-none-eabi/lib/armv7e-m\libc_s.a
LOAD c:/freescale/kds_3.0.0/toolchain/bin/../lib/gcc/arm-none-eabi/4.8.4/../../../../arm-none-eabi/lib/armv7e-m\libnosys.a
END GROUP
LOAD c:/freescale/kds_3.0.0/toolchain/bin/../lib/gcc/arm-none-eabi/4.8.4/armv7e-m/crtend.o
LOAD c:/freescale/kds_3.0.0/toolchain/bin/../lib/gcc/arm-none-eabi/4.8.4/armv7e-m/crtn.o
                0x00000400                HEAP_SIZE = DEFINED (__heap_size__)?__heap_size__:0x400
                0x00000400                STACK_SIZE = DEFINED (__stack_size__)?__stack_size__:0x400
                0x00000000                M_VECTOR_RAM_SIZE = DEFINED (__ram_vector_table__)?0x400:0x0

.interrupts     0x00000000      0x400
                0x00000000                __VECTOR_TABLE = .
                0x00000000                . = ALIGN (0x4)
 *(.isr_vector)
 .isr_vector    0x00000000      0x400 ./startup/startup_MK60D10.o
                0x00000000                __isr_vector
                0x00000400                . = ALIGN (0x4)

.flash_config   0x00000400       0x10
                0x00000400                . = ALIGN (0x4)
 *(.FlashConfig)
 .FlashConfig   0x00000400       0x10 ./startup/startup_MK60D10.o
                0x00000410                . = ALIGN (0x4)

.text           0x00000410     0x2b98
                0x00000410                . = ALIGN (0x4)
 *(.text)
 .text          0x00000410       0x54 c:/freescale/kds_3.0.0/toolchain/bin/../lib/gcc/arm-none-eabi/4.8.4/armv7e-m/crtbegin.o
 .text          0x00000464       0x74 c:/freescale/kds_3.0.0/toolchain/bin/../lib/gcc/arm-none-eabi/4.8.4/../../../../arm-none-eabi/lib/armv7e-m/crt0.o
                0x00000464                _start
                0x00000464                _mainCRTStartup
 .text          0x000004d8      0x1fc ./startup/startup_MK60D10.o
                0x000004d8                Reset_Handler
                0x00000520                Reserved111_IRQHandler
                0x00000520                DebugMon_Handler
                0x00000520                PORTC_IRQHandler
                0x00000520                CMP0_IRQHandler
                0x00000520                ENET_Transmit_DriverIRQHandler
                0x00000520                DMA_Error_DriverIRQHandler
                0x00000520                UART1_ERR_DriverIRQHandler
                0x00000520                BusFault_Handler
                0x00000520                Reserved114_IRQHandler
                0x00000520                LPTMR0_IRQHandler
                0x00000520                FTM2_IRQHandler
                0x00000520                PORTE_IRQHandler
                0x00000520                FTFL_IRQHandler
                0x00000520                MCM_IRQHandler
                0x00000520                Reserved59_IRQHandler
                0x00000520                DAC1_IRQHandler
                0x00000520                PIT0_IRQHandler
                0x00000520                Reserved119_IRQHandler
                0x00000520                PORTA_IRQHandler
                0x00000520                CMP2_IRQHandler
                0x00000520                LLWU_IRQHandler
                0x00000520                Reserved116_IRQHandler
                0x00000520                TSI0_IRQHandler
                0x00000520                FTM0_IRQHandler
                0x00000520                LVD_LVW_IRQHandler
                0x00000520                ENET_1588_Timer_DriverIRQHandler
                0x00000520                SWI_IRQHandler
                0x00000520                ADC0_IRQHandler
                0x00000520                UsageFault_Handler
                0x00000520                PIT1_IRQHandler
                0x00000520                CMT_IRQHandler
                0x00000520                Reserved112_IRQHandler
                0x00000520                ENET_Error_DriverIRQHandler
                0x00000520                DefaultISR
                0x00000520                Reserved118_IRQHandler
                0x00000520                UART5_ERR_DriverIRQHandler
                0x00000520                DAC0_IRQHandler
                0x00000520                CMP1_IRQHandler
                0x00000520                PORTD_IRQHandler
                0x00000520                PORTB_IRQHandler
                0x00000520                ENET_Receive_DriverIRQHandler
                0x00000520                UART2_ERR_DriverIRQHandler
                0x00000520                ADC1_IRQHandler
                0x00000520                PIT2_IRQHandler
                0x00000520                RNG_IRQHandler
                0x00000520                Reserved109_IRQHandler
                0x00000520                RTC_IRQHandler
                0x00000520                UART3_ERR_DriverIRQHandler
                0x00000520                PDB0_IRQHandler
                0x00000520                UART0_LON_DriverIRQHandler
                0x00000520                UART0_ERR_DriverIRQHandler
                0x00000520                FTM1_IRQHandler
                0x00000520                Reserved115_IRQHandler
                0x00000520                Reserved95_IRQHandler
                0x00000520                MemManage_Handler
                0x00000520                PIT3_IRQHandler
                0x00000520                WDOG_EWM_IRQHandler
                0x00000520                RTC_Seconds_IRQHandler
                0x00000520                MCG_IRQHandler
                0x00000520                Reserved108_IRQHandler
                0x00000520                Reserved113_IRQHandler
                0x00000520                Reserved117_IRQHandler
                0x00000520                UART4_ERR_DriverIRQHandler
                0x00000520                USB0_IRQHandler
                0x00000520                USBDCD_IRQHandler
                0x00000520                Read_Collision_IRQHandler
                0x00000520                Reserved102_IRQHandler
                0x00000524                NMI_Handler
                0x00000528                HardFault_Handler
                0x0000052c                SVC_Handler
                0x00000530                PendSV_Handler
                0x00000534                SysTick_Handler
                0x00000538                DMA0_IRQHandler
                0x0000053c                DMA1_IRQHandler
                0x00000540                DMA2_IRQHandler
                0x00000544                DMA3_IRQHandler
                0x00000548                DMA4_IRQHandler
                0x0000054c                DMA5_IRQHandler
                0x00000550                DMA6_IRQHandler
                0x00000554                DMA7_IRQHandler
                0x00000558                DMA8_IRQHandler
                0x0000055c                DMA9_IRQHandler
                0x00000560                DMA10_IRQHandler
                0x00000564                DMA11_IRQHandler
                0x00000568                DMA12_IRQHandler
                0x0000056c                DMA13_IRQHandler
                0x00000570                DMA14_IRQHandler
                0x00000574                DMA15_IRQHandler
                0x00000578                DMA_Error_IRQHandler
                0x0000057c                I2C0_IRQHandler
                0x00000580                I2C1_IRQHandler
                0x00000584                SPI0_IRQHandler
                0x00000588                SPI1_IRQHandler
                0x0000058c                SPI2_IRQHandler
                0x00000590                CAN0_ORed_Message_buffer_IRQHandler
                0x00000594                CAN0_Bus_Off_IRQHandler
                0x00000598                CAN0_Error_IRQHandler
                0x0000059c                CAN0_Tx_Warning_IRQHandler
                0x000005a0                CAN0_Rx_Warning_IRQHandler
                0x000005a4                CAN0_Wake_Up_IRQHandler
                0x000005a8                I2S0_Tx_IRQHandler
                0x000005ac                I2S0_Rx_IRQHandler
                0x000005b0                CAN1_ORed_Message_buffer_IRQHandler
                0x000005b4                CAN1_Bus_Off_IRQHandler
                0x000005b8                CAN1_Error_IRQHandler
                0x000005bc                CAN1_Tx_Warning_IRQHandler
                0x000005c0                CAN1_Rx_Warning_IRQHandler
                0x000005c4                CAN1_Wake_Up_IRQHandler
                0x000005c8                UART0_LON_IRQHandler
                0x000005cc                UART0_RX_TX_IRQHandler
                0x000005d0                UART0_ERR_IRQHandler
                0x000005d4                UART1_RX_TX_IRQHandler
                0x000005d8                UART1_ERR_IRQHandler
                0x000005dc                UART2_RX_TX_IRQHandler
                0x000005e0                UART2_ERR_IRQHandler
                0x000005e4                UART3_RX_TX_IRQHandler
                0x000005e8                UART3_ERR_IRQHandler
                0x000005ec                UART4_RX_TX_IRQHandler
                0x000005f0                UART4_ERR_IRQHandler
                0x000005f4                UART5_RX_TX_IRQHandler
                0x000005f8                UART5_ERR_IRQHandler
                0x0000060c                SDHC_IRQHandler
 *(.text*)
 .text.DbgConsole_Init
                0x000006d4       0x64 ./utilities/fsl_debug_console.o
                0x000006d4                DbgConsole_Init
 .text._write   0x00000738       0x28 ./utilities/fsl_debug_console.o
                0x00000738                _write
 .text._read    0x00000760       0x20 ./utilities/fsl_debug_console.o
                0x00000760                _read
 .text._sbrk    0x00000780       0x38 ./utilities/fsl_sbrk.o
                0x00000780                _sbrk
 .text.midPrint
                0x000007b8       0x1c ./source/main.o
 .text.InitCrc32.constprop.2
                0x000007d4       0x3c ./source/main.o
 .text.print32Result.part.1.constprop.6
                0x00000810       0x20 ./source/main.o
 .text.print16Result.part.0.constprop.7
                0x00000830       0x1c ./source/main.o
 .text.TableCRC16
                0x0000084c       0x2c ./source/main.o
                0x0000084c                TableCRC16
 .text.TableCRC32
                0x00000878       0x28 ./source/main.o
                0x00000878                TableCRC32
 .text.PolynomialCRC16
                0x000008a0       0x2a ./source/main.o
                0x000008a0                PolynomialCRC16
 *fill*         0x000008ca        0x2 
 .text.PolynomialCRC32
                0x000008cc       0x30 ./source/main.o
                0x000008cc                PolynomialCRC32
 .text.startup.main
                0x000008fc      0x4e4 ./source/main.o
                0x000008fc                main
 .text.CLOCK_GetMcgExtClkFreq
                0x00000de0       0x1c ./drivers/fsl_clock.o
 .text.CLOCK_GetFllRefClkFreq
                0x00000dfc       0x50 ./drivers/fsl_clock.o
 .text.CLOCK_GetInternalRefClkSelectFreq
                0x00000e4c       0x2c ./drivers/fsl_clock.o
 .text.CLOCK_SetSimConfig
                0x00000e78       0x3c ./drivers/fsl_clock.o
                0x00000e78                CLOCK_SetSimConfig
 .text.CLOCK_GetFllFreq
                0x00000eb4       0x40 ./drivers/fsl_clock.o
                0x00000eb4                CLOCK_GetFllFreq
 .text.CLOCK_GetPll0Freq
                0x00000ef4       0x30 ./drivers/fsl_clock.o
                0x00000ef4                CLOCK_GetPll0Freq
 .text.CLOCK_GetOutClkFreq
                0x00000f24       0x28 ./drivers/fsl_clock.o
                0x00000f24                CLOCK_GetOutClkFreq
 .text.CLOCK_GetBusClkFreq
                0x00000f4c       0x20 ./drivers/fsl_clock.o
                0x00000f4c                CLOCK_GetBusClkFreq
 .text.CLOCK_SetExternalRefClkConfig
                0x00000f6c       0x30 ./drivers/fsl_clock.o
                0x00000f6c                CLOCK_SetExternalRefClkConfig
 .text.CLOCK_SetInternalRefClkConfig
                0x00000f9c       0x80 ./drivers/fsl_clock.o
                0x00000f9c                CLOCK_SetInternalRefClkConfig
 .text.CLOCK_EnablePll0
                0x0000101c       0x34 ./drivers/fsl_clock.o
                0x0000101c                CLOCK_EnablePll0
 .text.CLOCK_InitOsc0
                0x00001050       0x64 ./drivers/fsl_clock.o
                0x00001050                CLOCK_InitOsc0
 .text.CLOCK_SetPbeMode
                0x000010b4       0x50 ./drivers/fsl_clock.o
                0x000010b4                CLOCK_SetPbeMode
 .text.CLOCK_BootToPeeMode
                0x00001104       0x30 ./drivers/fsl_clock.o
                0x00001104                CLOCK_BootToPeeMode
 .text.CRC_Init
                0x00001134       0x74 ./drivers/fsl_crc.o
                0x00001134                CRC_Init
 .text.CRC_GetDefaultConfig
                0x000011a8       0x14 ./drivers/fsl_crc.o
                0x000011a8                CRC_GetDefaultConfig
 .text.CRC_WriteData
                0x000011bc       0x3e ./drivers/fsl_crc.o
                0x000011bc                CRC_WriteData
 .text.CRC_Get32bitResult
                0x000011fa        0x4 ./drivers/fsl_crc.o
                0x000011fa                CRC_Get32bitResult
 .text.CRC_Get16bitResult
                0x000011fe       0x12 ./drivers/fsl_crc.o
                0x000011fe                CRC_Get16bitResult
 .text.DSPI_CommonIRQHandler
                0x00001210       0x1c ./drivers/fsl_dspi.o
 .text.SPI0_DriverIRQHandler
                0x0000122c       0x14 ./drivers/fsl_dspi.o
                0x0000122c                SPI0_DriverIRQHandler
 .text.SPI1_DriverIRQHandler
                0x00001240       0x14 ./drivers/fsl_dspi.o
                0x00001240                SPI1_DriverIRQHandler
 .text.SPI2_DriverIRQHandler
                0x00001254       0x14 ./drivers/fsl_dspi.o
                0x00001254                SPI2_DriverIRQHandler
 .text.EDMA_HandleIRQ
                0x00001268       0x7e ./drivers/fsl_edma.o
                0x00001268                EDMA_HandleIRQ
 *fill*         0x000012e6        0x2 
 .text.DMA0_DriverIRQHandler
                0x000012e8        0xc ./drivers/fsl_edma.o
                0x000012e8                DMA0_DriverIRQHandler
 .text.DMA1_DriverIRQHandler
                0x000012f4        0xc ./drivers/fsl_edma.o
                0x000012f4                DMA1_DriverIRQHandler
 .text.DMA2_DriverIRQHandler
                0x00001300        0xc ./drivers/fsl_edma.o
                0x00001300                DMA2_DriverIRQHandler
 .text.DMA3_DriverIRQHandler
                0x0000130c        0xc ./drivers/fsl_edma.o
                0x0000130c                DMA3_DriverIRQHandler
 .text.DMA4_DriverIRQHandler
                0x00001318        0xc ./drivers/fsl_edma.o
                0x00001318                DMA4_DriverIRQHandler
 .text.DMA5_DriverIRQHandler
                0x00001324        0xc ./drivers/fsl_edma.o
                0x00001324                DMA5_DriverIRQHandler
 .text.DMA6_DriverIRQHandler
                0x00001330        0xc ./drivers/fsl_edma.o
                0x00001330                DMA6_DriverIRQHandler
 .text.DMA7_DriverIRQHandler
                0x0000133c        0xc ./drivers/fsl_edma.o
                0x0000133c                DMA7_DriverIRQHandler
 .text.DMA8_DriverIRQHandler
                0x00001348        0xc ./drivers/fsl_edma.o
                0x00001348                DMA8_DriverIRQHandler
 .text.DMA9_DriverIRQHandler
                0x00001354        0xc ./drivers/fsl_edma.o
                0x00001354                DMA9_DriverIRQHandler
 .text.DMA10_DriverIRQHandler
                0x00001360        0xc ./drivers/fsl_edma.o
                0x00001360                DMA10_DriverIRQHandler
 .text.DMA11_DriverIRQHandler
                0x0000136c        0xc ./drivers/fsl_edma.o
                0x0000136c                DMA11_DriverIRQHandler
 .text.DMA12_DriverIRQHandler
                0x00001378        0xc ./drivers/fsl_edma.o
                0x00001378                DMA12_DriverIRQHandler
 .text.DMA13_DriverIRQHandler
                0x00001384        0xc ./drivers/fsl_edma.o
                0x00001384                DMA13_DriverIRQHandler
 .text.DMA14_DriverIRQHandler
                0x00001390        0xc ./drivers/fsl_edma.o
                0x00001390                DMA14_DriverIRQHandler
 .text.DMA15_DriverIRQHandler
                0x0000139c        0xc ./drivers/fsl_edma.o
                0x0000139c                DMA15_DriverIRQHandler
 .text.ENET_Transmit_IRQHandler
                0x000013a8       0x1c ./drivers/fsl_enet.o
                0x000013a8                ENET_Transmit_IRQHandler
 .text.ENET_Receive_IRQHandler
                0x000013c4       0x1c ./drivers/fsl_enet.o
                0x000013c4                ENET_Receive_IRQHandler
 .text.ENET_Error_IRQHandler
                0x000013e0       0x1c ./drivers/fsl_enet.o
                0x000013e0                ENET_Error_IRQHandler
 .text.ENET_1588_Timer_IRQHandler
                0x000013fc       0x1c ./drivers/fsl_enet.o
                0x000013fc                ENET_1588_Timer_IRQHandler
 .text.CAN0_DriverIRQHandler
                0x00001418       0x1c ./drivers/fsl_flexcan.o
                0x00001418                CAN0_DriverIRQHandler
 .text.CAN1_DriverIRQHandler
                0x00001434       0x1c ./drivers/fsl_flexcan.o
                0x00001434                CAN1_DriverIRQHandler
 .text.I2C_TransferCommonIRQHandler
                0x00001450       0x34 ./drivers/fsl_i2c.o
 .text.I2C0_DriverIRQHandler
                0x00001484       0x14 ./drivers/fsl_i2c.o
                0x00001484                I2C0_DriverIRQHandler
 .text.I2C1_DriverIRQHandler
                0x00001498       0x14 ./drivers/fsl_i2c.o
                0x00001498                I2C1_DriverIRQHandler
 .text.I2S0_Tx_DriverIRQHandler
                0x000014ac       0x1c ./drivers/fsl_sai.o
                0x000014ac                I2S0_Tx_DriverIRQHandler
 .text.I2S0_Rx_DriverIRQHandler
                0x000014c8       0x1c ./drivers/fsl_sai.o
                0x000014c8                I2S0_Rx_DriverIRQHandler
 .text.SDHC_DriverIRQHandler
                0x000014e4       0x1c ./drivers/fsl_sdhc.o
                0x000014e4                SDHC_DriverIRQHandler
 .text.UART_GetInstance
                0x00001500       0x1c ./drivers/fsl_uart.o
                0x00001500                UART_GetInstance
 .text.UART_Init
                0x0000151c       0xe4 ./drivers/fsl_uart.o
                0x0000151c                UART_Init
 .text.UART_GetDefaultConfig
                0x00001600       0x16 ./drivers/fsl_uart.o
                0x00001600                UART_GetDefaultConfig
 .text.UART_GetStatusFlags
                0x00001616       0x16 ./drivers/fsl_uart.o
                0x00001616                UART_GetStatusFlags
 .text.UART_WriteBlocking
                0x0000162c       0x16 ./drivers/fsl_uart.o
                0x0000162c                UART_WriteBlocking
 .text.UART_ReadBlocking
                0x00001642       0x4a ./drivers/fsl_uart.o
                0x00001642                UART_ReadBlocking
 .text.UART0_DriverIRQHandler
                0x0000168c       0x1c ./drivers/fsl_uart.o
                0x0000168c                UART0_DriverIRQHandler
 .text.UART0_RX_TX_DriverIRQHandler
                0x000016a8        0x4 ./drivers/fsl_uart.o
                0x000016a8                UART0_RX_TX_DriverIRQHandler
 .text.UART1_DriverIRQHandler
                0x000016ac       0x1c ./drivers/fsl_uart.o
                0x000016ac                UART1_DriverIRQHandler
 .text.UART1_RX_TX_DriverIRQHandler
                0x000016c8        0x4 ./drivers/fsl_uart.o
                0x000016c8                UART1_RX_TX_DriverIRQHandler
 .text.UART2_DriverIRQHandler
                0x000016cc       0x1c ./drivers/fsl_uart.o
                0x000016cc                UART2_DriverIRQHandler
 .text.UART2_RX_TX_DriverIRQHandler
                0x000016e8        0x4 ./drivers/fsl_uart.o
                0x000016e8                UART2_RX_TX_DriverIRQHandler
 .text.UART3_DriverIRQHandler
                0x000016ec       0x1c ./drivers/fsl_uart.o
                0x000016ec                UART3_DriverIRQHandler
 .text.UART3_RX_TX_DriverIRQHandler
                0x00001708        0x4 ./drivers/fsl_uart.o
                0x00001708                UART3_RX_TX_DriverIRQHandler
 .text.UART4_DriverIRQHandler
                0x0000170c       0x1c ./drivers/fsl_uart.o
                0x0000170c                UART4_DriverIRQHandler
 .text.UART4_RX_TX_DriverIRQHandler
                0x00001728        0x4 ./drivers/fsl_uart.o
                0x00001728                UART4_RX_TX_DriverIRQHandler
 .text.UART5_DriverIRQHandler
                0x0000172c       0x1c ./drivers/fsl_uart.o
                0x0000172c                UART5_DriverIRQHandler
 .text.UART5_RX_TX_DriverIRQHandler
                0x00001748        0x4 ./drivers/fsl_uart.o
                0x00001748                UART5_RX_TX_DriverIRQHandler
 .text.BOARD_InitDebugConsole
                0x0000174c       0x1c ./board/board.o
                0x0000174c                BOARD_InitDebugConsole
 .text.BOARD_BootClockRUN
                0x00001768       0x6c ./board/clock_config.o
                0x00001768                BOARD_BootClockRUN
 .text.BOARD_InitPins
                0x000017d4       0x30 ./board/pin_mux.o
                0x000017d4                BOARD_InitPins
 .text.SystemInit
                0x00001804       0x1c ./CMSIS/system_MK60D10.o
                0x00001804                SystemInit
 .text.__errno  0x00001820        0xc c:/freescale/kds_3.0.0/toolchain/bin/../lib/gcc/arm-none-eabi/4.8.4/../../../../arm-none-eabi/lib/armv7e-m\libg_s.a(lib_a-errno.o)
                0x00001820                __errno
 .text.exit     0x0000182c       0x28 c:/freescale/kds_3.0.0/toolchain/bin/../lib/gcc/arm-none-eabi/4.8.4/../../../../arm-none-eabi/lib/armv7e-m\libg_s.a(lib_a-exit.o)
                0x0000182c                exit
 .text.__libc_init_array
                0x00001854       0x4c c:/freescale/kds_3.0.0/toolchain/bin/../lib/gcc/arm-none-eabi/4.8.4/../../../../arm-none-eabi/lib/armv7e-m\libg_s.a(lib_a-init.o)
                0x00001854                __libc_init_array
 .text.memset   0x000018a0       0x10 c:/freescale/kds_3.0.0/toolchain/bin/../lib/gcc/arm-none-eabi/4.8.4/../../../../arm-none-eabi/lib/armv7e-m\libg_s.a(lib_a-memset.o)
                0x000018a0                memset
 .text.printf   0x000018b0       0x30 c:/freescale/kds_3.0.0/toolchain/bin/../lib/gcc/arm-none-eabi/4.8.4/../../../../arm-none-eabi/lib/armv7e-m\libg_s.a(lib_a-printf.o)
                0x000018b0                iprintf
                0x000018b0                printf
 .text._puts_r  0x000018e0       0xc0 c:/freescale/kds_3.0.0/toolchain/bin/../lib/gcc/arm-none-eabi/4.8.4/../../../../arm-none-eabi/lib/armv7e-m\libg_s.a(lib_a-puts.o)
                0x000018e0                _puts_r
 .text.puts     0x000019a0       0x10 c:/freescale/kds_3.0.0/toolchain/bin/../lib/gcc/arm-none-eabi/4.8.4/../../../../arm-none-eabi/lib/armv7e-m\libg_s.a(lib_a-puts.o)
                0x000019a0                puts
 .text.strlen   0x000019b0       0x10 c:/freescale/kds_3.0.0/toolchain/bin/../lib/gcc/arm-none-eabi/4.8.4/../../../../arm-none-eabi/lib/armv7e-m\libg_s.a(lib_a-strlen.o)
                0x000019b0                strlen
 .text.__sfputc_r
                0x000019c0       0x2c c:/freescale/kds_3.0.0/toolchain/bin/../lib/gcc/arm-none-eabi/4.8.4/../../../../arm-none-eabi/lib/armv7e-m\libg_s.a(lib_a-vfprintf.o)
 .text.__sfputs_r
                0x000019ec       0x24 c:/freescale/kds_3.0.0/toolchain/bin/../lib/gcc/arm-none-eabi/4.8.4/../../../../arm-none-eabi/lib/armv7e-m\libg_s.a(lib_a-vfprintf.o)
                0x000019ec                __sfputs_r
 .text._vfprintf_r
                0x00001a10      0x208 c:/freescale/kds_3.0.0/toolchain/bin/../lib/gcc/arm-none-eabi/4.8.4/../../../../arm-none-eabi/lib/armv7e-m\libg_s.a(lib_a-vfprintf.o)
                0x00001a10                _vfprintf_r
                0x00001a10                _vfiprintf_r
 .text._printf_common
                0x00001c18       0xe4 c:/freescale/kds_3.0.0/toolchain/bin/../lib/gcc/arm-none-eabi/4.8.4/../../../../arm-none-eabi/lib/armv7e-m\libg_s.a(lib_a-vfprintf_i.o)
                0x00001c18                _printf_common
 .text._printf_i
                0x00001cfc      0x228 c:/freescale/kds_3.0.0/toolchain/bin/../lib/gcc/arm-none-eabi/4.8.4/../../../../arm-none-eabi/lib/armv7e-m\libg_s.a(lib_a-vfprintf_i.o)
                0x00001cfc                _printf_i
 .text.__swbuf_r
                0x00001f24       0xa8 c:/freescale/kds_3.0.0/toolchain/bin/../lib/gcc/arm-none-eabi/4.8.4/../../../../arm-none-eabi/lib/armv7e-m\libg_s.a(lib_a-wbuf.o)
                0x00001f24                __swbuf_r
 .text.__swsetup_r
                0x00001fcc       0xdc c:/freescale/kds_3.0.0/toolchain/bin/../lib/gcc/arm-none-eabi/4.8.4/../../../../arm-none-eabi/lib/armv7e-m\libg_s.a(lib_a-wsetup.o)
                0x00001fcc                __swsetup_r
 .text.__sflush_r
                0x000020a8      0x106 c:/freescale/kds_3.0.0/toolchain/bin/../lib/gcc/arm-none-eabi/4.8.4/../../../../arm-none-eabi/lib/armv7e-m\libg_s.a(lib_a-fflush.o)
                0x000020a8                __sflush_r
 *fill*         0x000021ae        0x2 
 .text._fflush_r
                0x000021b0       0x54 c:/freescale/kds_3.0.0/toolchain/bin/../lib/gcc/arm-none-eabi/4.8.4/../../../../arm-none-eabi/lib/armv7e-m\libg_s.a(lib_a-fflush.o)
                0x000021b0                _fflush_r
 .text._cleanup_r
                0x00002204       0x32 c:/freescale/kds_3.0.0/toolchain/bin/../lib/gcc/arm-none-eabi/4.8.4/../../../../arm-none-eabi/lib/armv7e-m\libg_s.a(lib_a-findfp.o)
                0x00002204                _cleanup_r
 *fill*         0x00002236        0x2 
 .text.std.isra.0
                0x00002238       0x48 c:/freescale/kds_3.0.0/toolchain/bin/../lib/gcc/arm-none-eabi/4.8.4/../../../../arm-none-eabi/lib/armv7e-m\libg_s.a(lib_a-findfp.o)
 .text.__sfmoreglue
                0x00002280       0x2c c:/freescale/kds_3.0.0/toolchain/bin/../lib/gcc/arm-none-eabi/4.8.4/../../../../arm-none-eabi/lib/armv7e-m\libg_s.a(lib_a-findfp.o)
                0x00002280                __sfmoreglue
 .text.__sinit  0x000022ac       0x60 c:/freescale/kds_3.0.0/toolchain/bin/../lib/gcc/arm-none-eabi/4.8.4/../../../../arm-none-eabi/lib/armv7e-m\libg_s.a(lib_a-findfp.o)
                0x000022ac                __sinit
 .text.__sfp    0x0000230c       0x74 c:/freescale/kds_3.0.0/toolchain/bin/../lib/gcc/arm-none-eabi/4.8.4/../../../../arm-none-eabi/lib/armv7e-m\libg_s.a(lib_a-findfp.o)
                0x0000230c                __sfp
 .text.__smakebuf_r
                0x00002380       0x9c c:/freescale/kds_3.0.0/toolchain/bin/../lib/gcc/arm-none-eabi/4.8.4/../../../../arm-none-eabi/lib/armv7e-m\libg_s.a(lib_a-makebuf.o)
                0x00002380                __smakebuf_r
 .text.memchr   0x0000241c       0x1e c:/freescale/kds_3.0.0/toolchain/bin/../lib/gcc/arm-none-eabi/4.8.4/../../../../arm-none-eabi/lib/armv7e-m\libg_s.a(lib_a-memchr-stub.o)
                0x0000241c                memchr
 *fill*         0x0000243a        0x2 
 .text._free_r  0x0000243c       0x88 c:/freescale/kds_3.0.0/toolchain/bin/../lib/gcc/arm-none-eabi/4.8.4/../../../../arm-none-eabi/lib/armv7e-m\libg_s.a(lib_a-nano-freer.o)
                0x0000243c                _free_r
 .text._malloc_r
                0x000024c4       0xa8 c:/freescale/kds_3.0.0/toolchain/bin/../lib/gcc/arm-none-eabi/4.8.4/../../../../arm-none-eabi/lib/armv7e-m\libg_s.a(lib_a-nano-mallocr.o)
                0x000024c4                _malloc_r
 .text._sbrk_r  0x0000256c       0x20 c:/freescale/kds_3.0.0/toolchain/bin/../lib/gcc/arm-none-eabi/4.8.4/../../../../arm-none-eabi/lib/armv7e-m\libg_s.a(lib_a-sbrkr.o)
                0x0000256c                _sbrk_r
 .text.__sread  0x0000258c       0x22 c:/freescale/kds_3.0.0/toolchain/bin/../lib/gcc/arm-none-eabi/4.8.4/../../../../arm-none-eabi/lib/armv7e-m\libg_s.a(lib_a-stdio.o)
                0x0000258c                __sread
 .text.__swrite
                0x000025ae       0x38 c:/freescale/kds_3.0.0/toolchain/bin/../lib/gcc/arm-none-eabi/4.8.4/../../../../arm-none-eabi/lib/armv7e-m\libg_s.a(lib_a-stdio.o)
                0x000025ae                __swrite
 .text.__sseek  0x000025e6       0x24 c:/freescale/kds_3.0.0/toolchain/bin/../lib/gcc/arm-none-eabi/4.8.4/../../../../arm-none-eabi/lib/armv7e-m\libg_s.a(lib_a-stdio.o)
                0x000025e6                __sseek
 .text.__sclose
                0x0000260a        0x8 c:/freescale/kds_3.0.0/toolchain/bin/../lib/gcc/arm-none-eabi/4.8.4/../../../../arm-none-eabi/lib/armv7e-m\libg_s.a(lib_a-stdio.o)
                0x0000260a                __sclose
 *fill*         0x00002612        0x2 
 .text._write_r
                0x00002614       0x24 c:/freescale/kds_3.0.0/toolchain/bin/../lib/gcc/arm-none-eabi/4.8.4/../../../../arm-none-eabi/lib/armv7e-m\libg_s.a(lib_a-writer.o)
                0x00002614                _write_r
 .text._close_r
                0x00002638       0x20 c:/freescale/kds_3.0.0/toolchain/bin/../lib/gcc/arm-none-eabi/4.8.4/../../../../arm-none-eabi/lib/armv7e-m\libg_s.a(lib_a-closer.o)
                0x00002638                _close_r
 .text._fstat_r
                0x00002658       0x24 c:/freescale/kds_3.0.0/toolchain/bin/../lib/gcc/arm-none-eabi/4.8.4/../../../../arm-none-eabi/lib/armv7e-m\libg_s.a(lib_a-fstatr.o)
                0x00002658                _fstat_r
 .text._isatty_r
                0x0000267c       0x20 c:/freescale/kds_3.0.0/toolchain/bin/../lib/gcc/arm-none-eabi/4.8.4/../../../../arm-none-eabi/lib/armv7e-m\libg_s.a(lib_a-isattyr.o)
                0x0000267c                _isatty_r
 .text._lseek_r
                0x0000269c       0x24 c:/freescale/kds_3.0.0/toolchain/bin/../lib/gcc/arm-none-eabi/4.8.4/../../../../arm-none-eabi/lib/armv7e-m\libg_s.a(lib_a-lseekr.o)
                0x0000269c                _lseek_r
 .text._read_r  0x000026c0       0x24 c:/freescale/kds_3.0.0/toolchain/bin/../lib/gcc/arm-none-eabi/4.8.4/../../../../arm-none-eabi/lib/armv7e-m\libg_s.a(lib_a-readr.o)
                0x000026c0                _read_r
 .text._close   0x000026e4       0x10 c:/freescale/kds_3.0.0/toolchain/bin/../lib/gcc/arm-none-eabi/4.8.4/../../../../arm-none-eabi/lib/armv7e-m\libnosys.a(close.o)
                0x000026e4                _close
 .text._fstat   0x000026f4       0x10 c:/freescale/kds_3.0.0/toolchain/bin/../lib/gcc/arm-none-eabi/4.8.4/../../../../arm-none-eabi/lib/armv7e-m\libnosys.a(fstat.o)
                0x000026f4                _fstat
 .text._isatty  0x00002704       0x10 c:/freescale/kds_3.0.0/toolchain/bin/../lib/gcc/arm-none-eabi/4.8.4/../../../../arm-none-eabi/lib/armv7e-m\libnosys.a(isatty.o)
                0x00002704                _isatty
 .text._lseek   0x00002714       0x10 c:/freescale/kds_3.0.0/toolchain/bin/../lib/gcc/arm-none-eabi/4.8.4/../../../../arm-none-eabi/lib/armv7e-m\libnosys.a(lseek.o)
                0x00002714                _lseek
 .text._exit    0x00002724        0x4 c:/freescale/kds_3.0.0/toolchain/bin/../lib/gcc/arm-none-eabi/4.8.4/../../../../arm-none-eabi/lib/armv7e-m\libnosys.a(_exit.o)
                0x00002724                _exit
 *(.rodata)
 *(.rodata*)
 .rodata.str1.1
                0x00002728      0x360 ./source/main.o
                                0x3b0 (size before relaxing)
 .rodata.crc32_table
                0x00002a88      0x400 ./source/main.o
 .rodata.fllFactorTable.6928
                0x00002e88       0x10 ./drivers/fsl_clock.o
 .rodata.crc16ccit.6852
                0x00002e98       0x10 ./drivers/fsl_crc.o
 .rodata.s_uartBases
                0x00002ea8       0x18 ./drivers/fsl_uart.o
 .rodata.s_uartClock
                0x00002ec0       0x18 ./drivers/fsl_uart.o
 .rodata.simConfig_BOARD_BootClockRUN
                0x00002ed8        0x8 ./board/clock_config.o
                0x00002ed8                simConfig_BOARD_BootClockRUN
 .rodata.mcgConfig_BOARD_BootClockRUN
                0x00002ee0        0xb ./board/clock_config.o
                0x00002ee0                mcgConfig_BOARD_BootClockRUN
 *fill*         0x00002eeb        0x1 
 .rodata.oscConfig_BOARD_BootClockRUN
                0x00002eec        0x8 ./board/clock_config.o
                0x00002eec                oscConfig_BOARD_BootClockRUN
 .rodata.str1.1
                0x00002ef4        0x2 c:/freescale/kds_3.0.0/toolchain/bin/../lib/gcc/arm-none-eabi/4.8.4/../../../../arm-none-eabi/lib/armv7e-m\libg_s.a(lib_a-impure.o)
 *fill*         0x00002ef6        0x2 
 .rodata._global_impure_ptr
                0x00002ef8        0x4 c:/freescale/kds_3.0.0/toolchain/bin/../lib/gcc/arm-none-eabi/4.8.4/../../../../arm-none-eabi/lib/armv7e-m\libg_s.a(lib_a-impure.o)
                0x00002ef8                _global_impure_ptr
 .rodata.str1.1
                0x00002efc       0x11 c:/freescale/kds_3.0.0/toolchain/bin/../lib/gcc/arm-none-eabi/4.8.4/../../../../arm-none-eabi/lib/armv7e-m\libg_s.a(lib_a-vfprintf.o)
 .rodata.str1.1
                0x00002f0d       0x22 c:/freescale/kds_3.0.0/toolchain/bin/../lib/gcc/arm-none-eabi/4.8.4/../../../../arm-none-eabi/lib/armv7e-m\libg_s.a(lib_a-vfprintf_i.o)
 *fill*         0x00002f2f        0x1 
 .rodata.__sf_fake_stdin
                0x00002f30       0x20 c:/freescale/kds_3.0.0/toolchain/bin/../lib/gcc/arm-none-eabi/4.8.4/../../../../arm-none-eabi/lib/armv7e-m\libg_s.a(lib_a-findfp.o)
                0x00002f30                __sf_fake_stdin
 .rodata.__sf_fake_stdout
                0x00002f50       0x20 c:/freescale/kds_3.0.0/toolchain/bin/../lib/gcc/arm-none-eabi/4.8.4/../../../../arm-none-eabi/lib/armv7e-m\libg_s.a(lib_a-findfp.o)
                0x00002f50                __sf_fake_stdout
 .rodata.__sf_fake_stderr
                0x00002f70       0x20 c:/freescale/kds_3.0.0/toolchain/bin/../lib/gcc/arm-none-eabi/4.8.4/../../../../arm-none-eabi/lib/armv7e-m\libg_s.a(lib_a-findfp.o)
                0x00002f70                __sf_fake_stderr
 *(.glue_7)
 .glue_7        0x00000000        0x0 linker stubs
 *(.glue_7t)
 .glue_7t       0x00000000        0x0 linker stubs
 *(.eh_frame)
 .eh_frame      0x00002f90        0x0 c:/freescale/kds_3.0.0/toolchain/bin/../lib/gcc/arm-none-eabi/4.8.4/armv7e-m/crtbegin.o
 *(.init)
 .init          0x00002f90        0x4 c:/freescale/kds_3.0.0/toolchain/bin/../lib/gcc/arm-none-eabi/4.8.4/armv7e-m/crti.o
                0x00002f90                _init
 .init          0x00002f94        0x8 c:/freescale/kds_3.0.0/toolchain/bin/../lib/gcc/arm-none-eabi/4.8.4/armv7e-m/crtn.o
 *(.fini)
 .fini          0x00002f9c        0x4 c:/freescale/kds_3.0.0/toolchain/bin/../lib/gcc/arm-none-eabi/4.8.4/armv7e-m/crti.o
                0x00002f9c                _fini
 .fini          0x00002fa0        0x8 c:/freescale/kds_3.0.0/toolchain/bin/../lib/gcc/arm-none-eabi/4.8.4/armv7e-m/crtn.o
                0x00002fa8                . = ALIGN (0x4)

.vfp11_veneer   0x00002fa8        0x0
 .vfp11_veneer  0x00000000        0x0 linker stubs

.v4_bx          0x00002fa8        0x0
 .v4_bx         0x00000000        0x0 linker stubs

.iplt           0x00002fa8        0x0
 .iplt          0x00000000        0x0 c:/freescale/kds_3.0.0/toolchain/bin/../lib/gcc/arm-none-eabi/4.8.4/armv7e-m/crtbegin.o

.ARM.extab
 *(.ARM.extab* .gnu.linkonce.armextab.*)

.ARM            0x00002fa8        0x8
                0x00002fa8                __exidx_start = .
 *(.ARM.exidx*)
 .ARM.exidx     0x00002fa8        0x8 c:/freescale/kds_3.0.0/toolchain/bin/../lib/gcc/arm-none-eabi/4.8.4/../../../../arm-none-eabi/lib/armv7e-m/crt0.o
                0x00002fb0                __exidx_end = .

.rel.dyn        0x00002fb0        0x0
 .rel.iplt      0x00000000        0x0 c:/freescale/kds_3.0.0/toolchain/bin/../lib/gcc/arm-none-eabi/4.8.4/armv7e-m/crtbegin.o

.ctors          0x00002fb0        0x0
                0x00002fb0                __CTOR_LIST__ = .
 *crtbegin.o(.ctors)
 *crtbegin?.o(.ctors)
 *(EXCLUDE_FILE(*crtend.o *crtend?.o) .ctors)
 *(SORT(.ctors.*))
 *(.ctors)
                0x00002fb0                __CTOR_END__ = .

.dtors          0x00002fb0        0x0
                0x00002fb0                __DTOR_LIST__ = .
 *crtbegin.o(.dtors)
 *crtbegin?.o(.dtors)
 *(EXCLUDE_FILE(*crtend.o *crtend?.o) .dtors)
 *(SORT(.dtors.*))
 *(.dtors)
                0x00002fb0                __DTOR_END__ = .

.preinit_array  0x00002fb0        0x0
                0x00002fb0                PROVIDE (__preinit_array_start, .)
 *(.preinit_array*)
                0x00002fb0                PROVIDE (__preinit_array_end, .)

.init_array     0x00002fb0        0x4
                0x00002fb0                PROVIDE (__init_array_start, .)
 *(SORT(.init_array.*))
 *(.init_array*)
 .init_array    0x00002fb0        0x4 c:/freescale/kds_3.0.0/toolchain/bin/../lib/gcc/arm-none-eabi/4.8.4/armv7e-m/crtbegin.o
                0x00002fb4                PROVIDE (__init_array_end, .)

.fini_array     0x00002fb4        0x4
                0x00002fb4                PROVIDE (__fini_array_start, .)
 *(SORT(.fini_array.*))
 *(.fini_array*)
 .fini_array    0x00002fb4        0x4 c:/freescale/kds_3.0.0/toolchain/bin/../lib/gcc/arm-none-eabi/4.8.4/armv7e-m/crtbegin.o
                0x00002fb8                PROVIDE (__fini_array_end, .)
                0x00002fb8                __etext = .
                0x00002fb8                __DATA_ROM = .

.interrupts_ram
                0x1fff0000        0x0
                0x1fff0000                . = ALIGN (0x4)
                0x1fff0000                __VECTOR_RAM__ = .
                0x1fff0000                __interrupts_ram_start__ = .
 *(.m_interrupts_ram)
                0x1fff0000                . = (. + M_VECTOR_RAM_SIZE)
                0x1fff0000                . = ALIGN (0x4)
                0x1fff0000                __interrupts_ram_end__ = .
                0x00000000                __VECTOR_RAM = DEFINED (__ram_vector_table__)?__VECTOR_RAM__:ORIGIN (m_interrupts)
                0x00000000                __RAM_VECTOR_TABLE_SIZE_BYTES = DEFINED (__ram_vector_table__)?(__interrupts_ram_end__ - __interrupts_ram_start__):0x0

.data           0x1fff0000      0x274 load address 0x00002fb8
                0x1fff0000                . = ALIGN (0x4)
                0x1fff0000                __DATA_RAM = .
                0x1fff0000                __data_start__ = .
 *(.data)
 *(.data*)
 .data.crc16_table
                0x1fff0000      0x200 ./source/main.o
                0x1fff0000                crc16_table
 .data.s_slowIrcFreq
                0x1fff0200        0x4 ./drivers/fsl_clock.o
 .data.s_fastIrcFreq
                0x1fff0204        0x4 ./drivers/fsl_clock.o
 .data.SystemCoreClock
                0x1fff0208        0x4 ./CMSIS/system_MK60D10.o
                0x1fff0208                SystemCoreClock
 .data.impure_data
                0x1fff020c       0x60 c:/freescale/kds_3.0.0/toolchain/bin/../lib/gcc/arm-none-eabi/4.8.4/../../../../arm-none-eabi/lib/armv7e-m\libg_s.a(lib_a-impure.o)
 .data._impure_ptr
                0x1fff026c        0x4 c:/freescale/kds_3.0.0/toolchain/bin/../lib/gcc/arm-none-eabi/4.8.4/../../../../arm-none-eabi/lib/armv7e-m\libg_s.a(lib_a-impure.o)
                0x1fff026c                _impure_ptr
 *(.jcr*)
 .jcr           0x1fff0270        0x0 c:/freescale/kds_3.0.0/toolchain/bin/../lib/gcc/arm-none-eabi/4.8.4/armv7e-m/crtbegin.o
 .jcr           0x1fff0270        0x4 c:/freescale/kds_3.0.0/toolchain/bin/../lib/gcc/arm-none-eabi/4.8.4/armv7e-m/crtend.o
                0x1fff0274                . = ALIGN (0x4)
                0x1fff0274                __data_end__ = .
                0x0000322c                __DATA_END = (__DATA_ROM + (__data_end__ - __data_start__))
                0x00080000                text_end = (ORIGIN (m_text) + 0x7fbf0)
                0x00000001                ASSERT ((__DATA_END <= text_end), region m_text overflowed with text and data)

.igot.plt       0x1fff0274        0x0 load address 0x0000322c
 .igot.plt      0x00000000        0x0 c:/freescale/kds_3.0.0/toolchain/bin/../lib/gcc/arm-none-eabi/4.8.4/armv7e-m/crtbegin.o

.bss            0x1fff0274       0xfc load address 0x0000322c
                0x1fff0274                . = ALIGN (0x4)
                0x1fff0274                __START_BSS = .
                0x1fff0274                __bss_start__ = .
 *(.bss)
 .bss           0x1fff0274       0x1c c:/freescale/kds_3.0.0/toolchain/bin/../lib/gcc/arm-none-eabi/4.8.4/armv7e-m/crtbegin.o
 *(.bss*)
 .bss.s_debugConsole
                0x1fff0290       0x10 ./utilities/fsl_debug_console.o
 .bss.heap_end.4969
                0x1fff02a0        0x4 ./utilities/fsl_sbrk.o
 .bss.g_dspiHandle
                0x1fff02a4        0xc ./drivers/fsl_dspi.o
 .bss.s_dspiMasterIsr
                0x1fff02b0        0x4 ./drivers/fsl_dspi.o
 .bss.s_dspiSlaveIsr
                0x1fff02b4        0x4 ./drivers/fsl_dspi.o
 .bss.s_EDMAHandle
                0x1fff02b8       0x40 ./drivers/fsl_edma.o
 .bss.s_enetRxIsr
                0x1fff02f8        0x4 ./drivers/fsl_enet.o
 .bss.s_ENETHandle
                0x1fff02fc        0x4 ./drivers/fsl_enet.o
 .bss.s_enetTsIsr
                0x1fff0300        0x4 ./drivers/fsl_enet.o
 .bss.s_enetTxIsr
                0x1fff0304        0x4 ./drivers/fsl_enet.o
 .bss.s_enetErrIsr
                0x1fff0308        0x4 ./drivers/fsl_enet.o
 .bss.s_flexcanHandle
                0x1fff030c        0x8 ./drivers/fsl_flexcan.o
 .bss.s_flexcanIsr
                0x1fff0314        0x4 ./drivers/fsl_flexcan.o
 .bss.s_i2cHandle
                0x1fff0318        0x8 ./drivers/fsl_i2c.o
 .bss.s_i2cMasterIsr
                0x1fff0320        0x4 ./drivers/fsl_i2c.o
 .bss.s_i2cSlaveIsr
                0x1fff0324        0x4 ./drivers/fsl_i2c.o
 .bss.s_saiTxIsr
                0x1fff0328        0x4 ./drivers/fsl_sai.o
 .bss.s_saiRxIsr
                0x1fff032c        0x4 ./drivers/fsl_sai.o
 .bss.s_sdhcIsr
                0x1fff0330        0x4 ./drivers/fsl_sdhc.o
 .bss.s_sdhcHandle
                0x1fff0334        0x4 ./drivers/fsl_sdhc.o
 .bss.s_uartIsr
                0x1fff0338        0x4 ./drivers/fsl_uart.o
 .bss.s_uartHandle
                0x1fff033c       0x18 ./drivers/fsl_uart.o
 .bss.__malloc_sbrk_start
                0x1fff0354        0x4 c:/freescale/kds_3.0.0/toolchain/bin/../lib/gcc/arm-none-eabi/4.8.4/../../../../arm-none-eabi/lib/armv7e-m\libg_s.a(lib_a-nano-mallocr.o)
                0x1fff0354                __malloc_sbrk_start
 .bss.__malloc_free_list
                0x1fff0358        0x4 c:/freescale/kds_3.0.0/toolchain/bin/../lib/gcc/arm-none-eabi/4.8.4/../../../../arm-none-eabi/lib/armv7e-m\libg_s.a(lib_a-nano-mallocr.o)
                0x1fff0358                __malloc_free_list
 *(COMMON)
 COMMON         0x1fff035c        0x8 ./drivers/fsl_clock.o
                0x1fff035c                g_xtal32Freq
                0x1fff0360                g_xtal0Freq
 COMMON         0x1fff0364        0x8 ./drivers/fsl_sai.o
                0x1fff0364                s_saiHandle
 COMMON         0x1fff036c        0x4 c:/freescale/kds_3.0.0/toolchain/bin/../lib/gcc/arm-none-eabi/4.8.4/../../../../arm-none-eabi/lib/armv7e-m\libg_s.a(lib_a-reent.o)
                0x1fff036c                errno
                0x1fff0370                . = ALIGN (0x4)
                0x1fff0370                __bss_end__ = .
                0x1fff0370                __END_BSS = .

.heap           0x20000000      0x400
                0x20000000                . = ALIGN (0x8)
                0x20000000                __end__ = .
                0x20000000                PROVIDE (end, .)
                0x20000000                __HeapBase = .
                0x20000400                . = (. + HEAP_SIZE)
 *fill*         0x20000000      0x400 
                0x20000400                __HeapLimit = .
                0x20000400                __heap_limit = .

.stack          0x20000400      0x400
                0x20000400                . = ALIGN (0x8)
                0x20000800                . = (. + STACK_SIZE)
 *fill*         0x20000400      0x400 
                0x20010000                __StackTop = (ORIGIN (m_data_2) + 0x10000)
                0x2000fc00                __StackLimit = (__StackTop - STACK_SIZE)
                0x20010000                PROVIDE (__stack, __StackTop)

.ARM.attributes
                0x00000000       0x2a
 *(.ARM.attributes)
 .ARM.attributes
                0x00000000       0x1e c:/freescale/kds_3.0.0/toolchain/bin/../lib/gcc/arm-none-eabi/4.8.4/armv7e-m/crti.o
 .ARM.attributes
                0x0000001e       0x2e c:/freescale/kds_3.0.0/toolchain/bin/../lib/gcc/arm-none-eabi/4.8.4/armv7e-m/crtbegin.o
 .ARM.attributes
                0x0000004c       0x1c c:/freescale/kds_3.0.0/toolchain/bin/../lib/gcc/arm-none-eabi/4.8.4/../../../../arm-none-eabi/lib/armv7e-m/crt0.o
 .ARM.attributes
                0x00000068       0x33 ./utilities/fsl_debug_console.o
 .ARM.attributes
                0x0000009b       0x33 ./utilities/fsl_sbrk.o
 .ARM.attributes
                0x000000ce       0x1b ./startup/startup_MK60D10.o
 .ARM.attributes
                0x000000e9       0x33 ./source/main.o
 .ARM.attributes
                0x0000011c       0x33 ./drivers/fsl_clock.o
 .ARM.attributes
                0x0000014f       0x33 ./drivers/fsl_crc.o
 .ARM.attributes
                0x00000182       0x33 ./drivers/fsl_dspi.o
 .ARM.attributes
                0x000001b5       0x33 ./drivers/fsl_edma.o
 .ARM.attributes
                0x000001e8       0x33 ./drivers/fsl_enet.o
 .ARM.attributes
                0x0000021b       0x33 ./drivers/fsl_flexcan.o
 .ARM.attributes
                0x0000024e       0x33 ./drivers/fsl_i2c.o
 .ARM.attributes
                0x00000281       0x33 ./drivers/fsl_sai.o
 .ARM.attributes
                0x000002b4       0x33 ./drivers/fsl_sdhc.o
 .ARM.attributes
                0x000002e7       0x33 ./drivers/fsl_uart.o
 .ARM.attributes
                0x0000031a       0x33 ./board/board.o
 .ARM.attributes
                0x0000034d       0x33 ./board/clock_config.o
 .ARM.attributes
                0x00000380       0x33 ./board/pin_mux.o
 .ARM.attributes
                0x000003b3       0x33 ./CMSIS/system_MK60D10.o
 .ARM.attributes
                0x000003e6       0x2e c:/freescale/kds_3.0.0/toolchain/bin/../lib/gcc/arm-none-eabi/4.8.4/../../../../arm-none-eabi/lib/armv7e-m\libg_s.a(lib_a-errno.o)
 .ARM.attributes
                0x00000414       0x2e c:/freescale/kds_3.0.0/toolchain/bin/../lib/gcc/arm-none-eabi/4.8.4/../../../../arm-none-eabi/lib/armv7e-m\libg_s.a(lib_a-exit.o)
 .ARM.attributes
                0x00000442       0x2e c:/freescale/kds_3.0.0/toolchain/bin/../lib/gcc/arm-none-eabi/4.8.4/../../../../arm-none-eabi/lib/armv7e-m\libg_s.a(lib_a-impure.o)
 .ARM.attributes
                0x00000470       0x2e c:/freescale/kds_3.0.0/toolchain/bin/../lib/gcc/arm-none-eabi/4.8.4/../../../../arm-none-eabi/lib/armv7e-m\libg_s.a(lib_a-init.o)
 .ARM.attributes
                0x0000049e       0x2e c:/freescale/kds_3.0.0/toolchain/bin/../lib/gcc/arm-none-eabi/4.8.4/../../../../arm-none-eabi/lib/armv7e-m\libg_s.a(lib_a-memset.o)
 .ARM.attributes
                0x000004cc       0x2e c:/freescale/kds_3.0.0/toolchain/bin/../lib/gcc/arm-none-eabi/4.8.4/../../../../arm-none-eabi/lib/armv7e-m\libg_s.a(lib_a-printf.o)
 .ARM.attributes
                0x000004fa       0x2e c:/freescale/kds_3.0.0/toolchain/bin/../lib/gcc/arm-none-eabi/4.8.4/../../../../arm-none-eabi/lib/armv7e-m\libg_s.a(lib_a-puts.o)
 .ARM.attributes
                0x00000528       0x2e c:/freescale/kds_3.0.0/toolchain/bin/../lib/gcc/arm-none-eabi/4.8.4/../../../../arm-none-eabi/lib/armv7e-m\libg_s.a(lib_a-strlen.o)
 .ARM.attributes
                0x00000556       0x2e c:/freescale/kds_3.0.0/toolchain/bin/../lib/gcc/arm-none-eabi/4.8.4/../../../../arm-none-eabi/lib/armv7e-m\libg_s.a(lib_a-vfprintf.o)
 .ARM.attributes
                0x00000584       0x2e c:/freescale/kds_3.0.0/toolchain/bin/../lib/gcc/arm-none-eabi/4.8.4/../../../../arm-none-eabi/lib/armv7e-m\libg_s.a(lib_a-vfprintf_i.o)
 .ARM.attributes
                0x000005b2       0x2e c:/freescale/kds_3.0.0/toolchain/bin/../lib/gcc/arm-none-eabi/4.8.4/../../../../arm-none-eabi/lib/armv7e-m\libg_s.a(lib_a-wbuf.o)
 .ARM.attributes
                0x000005e0       0x2e c:/freescale/kds_3.0.0/toolchain/bin/../lib/gcc/arm-none-eabi/4.8.4/../../../../arm-none-eabi/lib/armv7e-m\libg_s.a(lib_a-wsetup.o)
 .ARM.attributes
                0x0000060e       0x2e c:/freescale/kds_3.0.0/toolchain/bin/../lib/gcc/arm-none-eabi/4.8.4/../../../../arm-none-eabi/lib/armv7e-m\libg_s.a(lib_a-fflush.o)
 .ARM.attributes
                0x0000063c       0x2e c:/freescale/kds_3.0.0/toolchain/bin/../lib/gcc/arm-none-eabi/4.8.4/../../../../arm-none-eabi/lib/armv7e-m\libg_s.a(lib_a-findfp.o)
 .ARM.attributes
                0x0000066a       0x2e c:/freescale/kds_3.0.0/toolchain/bin/../lib/gcc/arm-none-eabi/4.8.4/../../../../arm-none-eabi/lib/armv7e-m\libg_s.a(lib_a-makebuf.o)
 .ARM.attributes
                0x00000698       0x2e c:/freescale/kds_3.0.0/toolchain/bin/../lib/gcc/arm-none-eabi/4.8.4/../../../../arm-none-eabi/lib/armv7e-m\libg_s.a(lib_a-memchr-stub.o)
 .ARM.attributes
                0x000006c6       0x2e c:/freescale/kds_3.0.0/toolchain/bin/../lib/gcc/arm-none-eabi/4.8.4/../../../../arm-none-eabi/lib/armv7e-m\libg_s.a(lib_a-nano-freer.o)
 .ARM.attributes
                0x000006f4       0x2e c:/freescale/kds_3.0.0/toolchain/bin/../lib/gcc/arm-none-eabi/4.8.4/../../../../arm-none-eabi/lib/armv7e-m\libg_s.a(lib_a-nano-mallocr.o)
 .ARM.attributes
                0x00000722       0x2e c:/freescale/kds_3.0.0/toolchain/bin/../lib/gcc/arm-none-eabi/4.8.4/../../../../arm-none-eabi/lib/armv7e-m\libg_s.a(lib_a-sbrkr.o)
 .ARM.attributes
                0x00000750       0x2e c:/freescale/kds_3.0.0/toolchain/bin/../lib/gcc/arm-none-eabi/4.8.4/../../../../arm-none-eabi/lib/armv7e-m\libg_s.a(lib_a-stdio.o)
 .ARM.attributes
                0x0000077e       0x2e c:/freescale/kds_3.0.0/toolchain/bin/../lib/gcc/arm-none-eabi/4.8.4/../../../../arm-none-eabi/lib/armv7e-m\libg_s.a(lib_a-writer.o)
 .ARM.attributes
                0x000007ac       0x2e c:/freescale/kds_3.0.0/toolchain/bin/../lib/gcc/arm-none-eabi/4.8.4/../../../../arm-none-eabi/lib/armv7e-m\libg_s.a(lib_a-closer.o)
 .ARM.attributes
                0x000007da       0x2e c:/freescale/kds_3.0.0/toolchain/bin/../lib/gcc/arm-none-eabi/4.8.4/../../../../arm-none-eabi/lib/armv7e-m\libg_s.a(lib_a-fstatr.o)
 .ARM.attributes
                0x00000808       0x2e c:/freescale/kds_3.0.0/toolchain/bin/../lib/gcc/arm-none-eabi/4.8.4/../../../../arm-none-eabi/lib/armv7e-m\libg_s.a(lib_a-isattyr.o)
 .ARM.attributes
                0x00000836       0x2e c:/freescale/kds_3.0.0/toolchain/bin/../lib/gcc/arm-none-eabi/4.8.4/../../../../arm-none-eabi/lib/armv7e-m\libg_s.a(lib_a-lseekr.o)
 .ARM.attributes
                0x00000864       0x2e c:/freescale/kds_3.0.0/toolchain/bin/../lib/gcc/arm-none-eabi/4.8.4/../../../../arm-none-eabi/lib/armv7e-m\libg_s.a(lib_a-readr.o)
 .ARM.attributes
                0x00000892       0x2e c:/freescale/kds_3.0.0/toolchain/bin/../lib/gcc/arm-none-eabi/4.8.4/../../../../arm-none-eabi/lib/armv7e-m\libg_s.a(lib_a-reent.o)
 .ARM.attributes
                0x000008c0       0x2e c:/freescale/kds_3.0.0/toolchain/bin/../lib/gcc/arm-none-eabi/4.8.4/../../../../arm-none-eabi/lib/armv7e-m\libnosys.a(close.o)
 .ARM.attributes
                0x000008ee       0x2e c:/freescale/kds_3.0.0/toolchain/bin/../lib/gcc/arm-none-eabi/4.8.4/../../../../arm-none-eabi/lib/armv7e-m\libnosys.a(fstat.o)
 .ARM.attributes
                0x0000091c       0x2e c:/freescale/kds_3.0.0/toolchain/bin/../lib/gcc/arm-none-eabi/4.8.4/../../../../arm-none-eabi/lib/armv7e-m\libnosys.a(isatty.o)
 .ARM.attributes
                0x0000094a       0x2e c:/freescale/kds_3.0.0/toolchain/bin/../lib/gcc/arm-none-eabi/4.8.4/../../../../arm-none-eabi/lib/armv7e-m\libnosys.a(lseek.o)
 .ARM.attributes
                0x00000978       0x2e c:/freescale/kds_3.0.0/toolchain/bin/../lib/gcc/arm-none-eabi/4.8.4/../../../../arm-none-eabi/lib/armv7e-m\libnosys.a(_exit.o)
 .ARM.attributes
                0x000009a6       0x2e c:/freescale/kds_3.0.0/toolchain/bin/../lib/gcc/arm-none-eabi/4.8.4/armv7e-m/crtend.o
 .ARM.attributes
                0x000009d4       0x1e c:/freescale/kds_3.0.0/toolchain/bin/../lib/gcc/arm-none-eabi/4.8.4/armv7e-m/crtn.o
                0x00000001                ASSERT ((__StackLimit >= __HeapLimit), region m_data_2 overflowed with stack and heap)
OUTPUT(IMP.elf elf32-littlearm)

.debug_info     0x00000000    0x1a3a1
 .debug_info    0x00000000     0x12fc ./utilities/fsl_debug_console.o
 .debug_info    0x000012fc      0x12a ./utilities/fsl_sbrk.o
 .debug_info    0x00001426       0x6f ./startup/startup_MK60D10.o
 .debug_info    0x00001495     0x1ce6 ./source/main.o
 .debug_info    0x0000317b     0x1edb ./drivers/fsl_clock.o
 .debug_info    0x00005056      0x9a1 ./drivers/fsl_crc.o
 .debug_info    0x000059f7     0x3270 ./drivers/fsl_dspi.o
 .debug_info    0x00008c67     0x22a9 ./drivers/fsl_edma.o
 .debug_info    0x0000af10     0x267d ./drivers/fsl_enet.o
 .debug_info    0x0000d58d     0x25a5 ./drivers/fsl_flexcan.o
 .debug_info    0x0000fb32     0x247a ./drivers/fsl_i2c.o
 .debug_info    0x00011fac     0x20ad ./drivers/fsl_sai.o
 .debug_info    0x00014059     0x2a72 ./drivers/fsl_sdhc.o
 .debug_info    0x00016acb     0x1f08 ./drivers/fsl_uart.o
 .debug_info    0x000189d3      0x42d ./board/board.o
 .debug_info    0x00018e00      0xbed ./board/clock_config.o
 .debug_info    0x000199ed      0x51c ./board/pin_mux.o
 .debug_info    0x00019f09      0x498 ./CMSIS/system_MK60D10.o

.debug_abbrev   0x00000000     0x35ee
 .debug_abbrev  0x00000000      0x381 ./utilities/fsl_debug_console.o
 .debug_abbrev  0x00000381       0xcd ./utilities/fsl_sbrk.o
 .debug_abbrev  0x0000044e       0x14 ./startup/startup_MK60D10.o
 .debug_abbrev  0x00000462      0x397 ./source/main.o
 .debug_abbrev  0x000007f9      0x450 ./drivers/fsl_clock.o
 .debug_abbrev  0x00000c49      0x28e ./drivers/fsl_crc.o
 .debug_abbrev  0x00000ed7      0x482 ./drivers/fsl_dspi.o
 .debug_abbrev  0x00001359      0x442 ./drivers/fsl_edma.o
 .debug_abbrev  0x0000179b      0x3b1 ./drivers/fsl_enet.o
 .debug_abbrev  0x00001b4c      0x408 ./drivers/fsl_flexcan.o
 .debug_abbrev  0x00001f54      0x462 ./drivers/fsl_i2c.o
 .debug_abbrev  0x000023b6      0x42d ./drivers/fsl_sai.o
 .debug_abbrev  0x000027e3      0x3ef ./drivers/fsl_sdhc.o
 .debug_abbrev  0x00002bd2      0x3b6 ./drivers/fsl_uart.o
 .debug_abbrev  0x00002f88      0x14f ./board/board.o
 .debug_abbrev  0x000030d7      0x290 ./board/clock_config.o
 .debug_abbrev  0x00003367      0x170 ./board/pin_mux.o
 .debug_abbrev  0x000034d7      0x117 ./CMSIS/system_MK60D10.o

.debug_loc      0x00000000     0xe75a
 .debug_loc     0x00000000     0x12c1 ./utilities/fsl_debug_console.o
 .debug_loc     0x000012c1       0x4e ./utilities/fsl_sbrk.o
 .debug_loc     0x0000130f      0xe41 ./source/main.o
 .debug_loc     0x00002150     0x10ce ./drivers/fsl_clock.o
 .debug_loc     0x0000321e      0x2dd ./drivers/fsl_crc.o
 .debug_loc     0x000034fb     0x1f40 ./drivers/fsl_dspi.o
 .debug_loc     0x0000543b      0xb66 ./drivers/fsl_edma.o
 .debug_loc     0x00005fa1     0x119d ./drivers/fsl_enet.o
 .debug_loc     0x0000713e     0x14dd ./drivers/fsl_flexcan.o
 .debug_loc     0x0000861b     0x19d2 ./drivers/fsl_i2c.o
 .debug_loc     0x00009fed     0x1477 ./drivers/fsl_sai.o
 .debug_loc     0x0000b464     0x1a8e ./drivers/fsl_sdhc.o
 .debug_loc     0x0000cef2     0x17af ./drivers/fsl_uart.o
 .debug_loc     0x0000e6a1       0x1e ./board/board.o
 .debug_loc     0x0000e6bf       0x9b ./CMSIS/system_MK60D10.o

.debug_aranges  0x00000000      0xc70
 .debug_aranges
                0x00000000       0x60 ./utilities/fsl_debug_console.o
 .debug_aranges
                0x00000060       0x20 ./utilities/fsl_sbrk.o
 .debug_aranges
                0x00000080       0x20 ./startup/startup_MK60D10.o
 .debug_aranges
                0x000000a0       0x60 ./source/main.o
 .debug_aranges
                0x00000100      0x1a0 ./drivers/fsl_clock.o
 .debug_aranges
                0x000002a0       0x40 ./drivers/fsl_crc.o
 .debug_aranges
                0x000002e0      0x110 ./drivers/fsl_dspi.o
 .debug_aranges
                0x000003f0      0x1c8 ./drivers/fsl_edma.o
 .debug_aranges
                0x000005b8       0xe8 ./drivers/fsl_enet.o
 .debug_aranges
                0x000006a0      0x110 ./drivers/fsl_flexcan.o
 .debug_aranges
                0x000007b0      0x128 ./drivers/fsl_i2c.o
 .debug_aranges
                0x000008d8      0x118 ./drivers/fsl_sai.o
 .debug_aranges
                0x000009f0       0xb8 ./drivers/fsl_sdhc.o
 .debug_aranges
                0x00000aa8      0x138 ./drivers/fsl_uart.o
 .debug_aranges
                0x00000be0       0x20 ./board/board.o
 .debug_aranges
                0x00000c00       0x28 ./board/clock_config.o
 .debug_aranges
                0x00000c28       0x20 ./board/pin_mux.o
 .debug_aranges
                0x00000c48       0x28 ./CMSIS/system_MK60D10.o

.debug_ranges   0x00000000     0x13d8
 .debug_ranges  0x00000000       0x98 ./utilities/fsl_debug_console.o
 .debug_ranges  0x00000098       0x10 ./utilities/fsl_sbrk.o
 .debug_ranges  0x000000a8      0x298 ./source/main.o
 .debug_ranges  0x00000340      0x1d8 ./drivers/fsl_clock.o
 .debug_ranges  0x00000518       0x80 ./drivers/fsl_crc.o
 .debug_ranges  0x00000598      0x2b0 ./drivers/fsl_dspi.o
 .debug_ranges  0x00000848      0x1d0 ./drivers/fsl_edma.o
 .debug_ranges  0x00000a18      0x120 ./drivers/fsl_enet.o
 .debug_ranges  0x00000b38      0x198 ./drivers/fsl_flexcan.o
 .debug_ranges  0x00000cd0      0x180 ./drivers/fsl_i2c.o
 .debug_ranges  0x00000e50      0x1e0 ./drivers/fsl_sai.o
 .debug_ranges  0x00001030      0x1b8 ./drivers/fsl_sdhc.o
 .debug_ranges  0x000011e8      0x140 ./drivers/fsl_uart.o
 .debug_ranges  0x00001328       0x10 ./board/board.o
 .debug_ranges  0x00001338       0x78 ./board/clock_config.o
 .debug_ranges  0x000013b0       0x10 ./board/pin_mux.o
 .debug_ranges  0x000013c0       0x18 ./CMSIS/system_MK60D10.o

.debug_line     0x00000000     0x5440
 .debug_line    0x00000000      0x489 ./utilities/fsl_debug_console.o
 .debug_line    0x00000489       0xa1 ./utilities/fsl_sbrk.o
 .debug_line    0x0000052a      0x17e ./startup/startup_MK60D10.o
 .debug_line    0x000006a8      0x416 ./source/main.o
 .debug_line    0x00000abe      0x7bf ./drivers/fsl_clock.o
 .debug_line    0x0000127d      0x213 ./drivers/fsl_crc.o
 .debug_line    0x00001490      0xae0 ./drivers/fsl_dspi.o
 .debug_line    0x00001f70      0x725 ./drivers/fsl_edma.o
 .debug_line    0x00002695      0x503 ./drivers/fsl_enet.o
 .debug_line    0x00002b98      0x776 ./drivers/fsl_flexcan.o
 .debug_line    0x0000330e      0x7b9 ./drivers/fsl_i2c.o
 .debug_line    0x00003ac7      0x6a2 ./drivers/fsl_sai.o
 .debug_line    0x00004169      0x701 ./drivers/fsl_sdhc.o
 .debug_line    0x0000486a      0x651 ./drivers/fsl_uart.o
 .debug_line    0x00004ebb      0x14e ./board/board.o
 .debug_line    0x00005009      0x1b6 ./board/clock_config.o
 .debug_line    0x000051bf      0x131 ./board/pin_mux.o
 .debug_line    0x000052f0      0x150 ./CMSIS/system_MK60D10.o

.debug_str      0x00000000     0xa701
 .debug_str     0x00000000      0xbfe ./utilities/fsl_debug_console.o
                                0xce0 (size before relaxing)
 .debug_str     0x00000bfe       0x58 ./utilities/fsl_sbrk.o
                                0x1d5 (size before relaxing)
 .debug_str     0x00000c56      0x33e ./source/main.o
                                0x9f1 (size before relaxing)
 .debug_str     0x00000f94     0x1230 ./drivers/fsl_clock.o
                               0x199a (size before relaxing)
 .debug_str     0x000021c4      0x1aa ./drivers/fsl_crc.o
                                0x85d (size before relaxing)
 .debug_str     0x0000236e     0x182f ./drivers/fsl_dspi.o
                               0x22ce (size before relaxing)
 .debug_str     0x00003b9d      0xf40 ./drivers/fsl_edma.o
                               0x1c0c (size before relaxing)
 .debug_str     0x00004add     0x11a3 ./drivers/fsl_enet.o
                               0x231b (size before relaxing)
 .debug_str     0x00005c80      0xfff ./drivers/fsl_flexcan.o
                               0x1cd2 (size before relaxing)
 .debug_str     0x00006c7f      0xb3b ./drivers/fsl_i2c.o
                               0x1cbf (size before relaxing)
 .debug_str     0x000077ba      0x9e2 ./drivers/fsl_sai.o
                               0x171a (size before relaxing)
 .debug_str     0x0000819c     0x155d ./drivers/fsl_sdhc.o
                               0x26ee (size before relaxing)
 .debug_str     0x000096f9      0xaf6 ./drivers/fsl_uart.o
                               0x1dd1 (size before relaxing)
 .debug_str     0x0000a1ef       0x20 ./board/board.o
                                0x2fb (size before relaxing)
 .debug_str     0x0000a20f      0x2f8 ./board/clock_config.o
                                0xe34 (size before relaxing)
 .debug_str     0x0000a507      0x155 ./board/pin_mux.o
                                0x615 (size before relaxing)
 .debug_str     0x0000a65c       0xa5 ./CMSIS/system_MK60D10.o
                                0x357 (size before relaxing)

.comment        0x00000000       0x70
 .comment       0x00000000       0x70 ./utilities/fsl_debug_console.o
                                 0x71 (size before relaxing)
 .comment       0x00000000       0x71 ./utilities/fsl_sbrk.o
 .comment       0x00000000       0x71 ./source/main.o
 .comment       0x00000000       0x71 ./drivers/fsl_clock.o
 .comment       0x00000000       0x71 ./drivers/fsl_crc.o
 .comment       0x00000000       0x71 ./drivers/fsl_dspi.o
 .comment       0x00000000       0x71 ./drivers/fsl_edma.o
 .comment       0x00000000       0x71 ./drivers/fsl_enet.o
 .comment       0x00000000       0x71 ./drivers/fsl_flexcan.o
 .comment       0x00000000       0x71 ./drivers/fsl_i2c.o
 .comment       0x00000000       0x71 ./drivers/fsl_sai.o
 .comment       0x00000000       0x71 ./drivers/fsl_sdhc.o
 .comment       0x00000000       0x71 ./drivers/fsl_uart.o
 .comment       0x00000000       0x71 ./board/board.o
 .comment       0x00000000       0x71 ./board/clock_config.o
 .comment       0x00000000       0x71 ./board/pin_mux.o
 .comment       0x00000000       0x71 ./CMSIS/system_MK60D10.o

.debug_frame    0x00000000     0x27c4
 .debug_frame   0x00000000      0x12c ./utilities/fsl_debug_console.o
 .debug_frame   0x0000012c       0x28 ./utilities/fsl_sbrk.o
 .debug_frame   0x00000154       0xe4 ./source/main.o
 .debug_frame   0x00000238      0x458 ./drivers/fsl_clock.o
 .debug_frame   0x00000690       0x80 ./drivers/fsl_crc.o
 .debug_frame   0x00000710      0x2e8 ./drivers/fsl_dspi.o
 .debug_frame   0x000009f8      0x43c ./drivers/fsl_edma.o
 .debug_frame   0x00000e34      0x288 ./drivers/fsl_enet.o
 .debug_frame   0x000010bc      0x314 ./drivers/fsl_flexcan.o
 .debug_frame   0x000013d0      0x338 ./drivers/fsl_i2c.o
 .debug_frame   0x00001708      0x32c ./drivers/fsl_sai.o
 .debug_frame   0x00001a34      0x228 ./drivers/fsl_sdhc.o
 .debug_frame   0x00001c5c      0x31c ./drivers/fsl_uart.o
 .debug_frame   0x00001f78       0x28 ./board/board.o
 .debug_frame   0x00001fa0       0x40 ./board/clock_config.o
 .debug_frame   0x00001fe0       0x20 ./board/pin_mux.o
 .debug_frame   0x00002000       0x30 ./CMSIS/system_MK60D10.o
 .debug_frame   0x00002030       0x20 c:/freescale/kds_3.0.0/toolchain/bin/../lib/gcc/arm-none-eabi/4.8.4/../../../../arm-none-eabi/lib/armv7e-m\libg_s.a(lib_a-errno.o)
 .debug_frame   0x00002050       0x28 c:/freescale/kds_3.0.0/toolchain/bin/../lib/gcc/arm-none-eabi/4.8.4/../../../../arm-none-eabi/lib/armv7e-m\libg_s.a(lib_a-exit.o)
 .debug_frame   0x00002078       0x2c c:/freescale/kds_3.0.0/toolchain/bin/../lib/gcc/arm-none-eabi/4.8.4/../../../../arm-none-eabi/lib/armv7e-m\libg_s.a(lib_a-init.o)
 .debug_frame   0x000020a4       0x20 c:/freescale/kds_3.0.0/toolchain/bin/../lib/gcc/arm-none-eabi/4.8.4/../../../../arm-none-eabi/lib/armv7e-m\libg_s.a(lib_a-memset.o)
 .debug_frame   0x000020c4       0x60 c:/freescale/kds_3.0.0/toolchain/bin/../lib/gcc/arm-none-eabi/4.8.4/../../../../arm-none-eabi/lib/armv7e-m\libg_s.a(lib_a-printf.o)
 .debug_frame   0x00002124       0x3c c:/freescale/kds_3.0.0/toolchain/bin/../lib/gcc/arm-none-eabi/4.8.4/../../../../arm-none-eabi/lib/armv7e-m\libg_s.a(lib_a-puts.o)
 .debug_frame   0x00002160       0x20 c:/freescale/kds_3.0.0/toolchain/bin/../lib/gcc/arm-none-eabi/4.8.4/../../../../arm-none-eabi/lib/armv7e-m\libg_s.a(lib_a-strlen.o)
 .debug_frame   0x00002180       0xa8 c:/freescale/kds_3.0.0/toolchain/bin/../lib/gcc/arm-none-eabi/4.8.4/../../../../arm-none-eabi/lib/armv7e-m\libg_s.a(lib_a-vfprintf.o)
 .debug_frame   0x00002228       0x60 c:/freescale/kds_3.0.0/toolchain/bin/../lib/gcc/arm-none-eabi/4.8.4/../../../../arm-none-eabi/lib/armv7e-m\libg_s.a(lib_a-vfprintf_i.o)
 .debug_frame   0x00002288       0x3c c:/freescale/kds_3.0.0/toolchain/bin/../lib/gcc/arm-none-eabi/4.8.4/../../../../arm-none-eabi/lib/armv7e-m\libg_s.a(lib_a-wbuf.o)
 .debug_frame   0x000022c4       0x2c c:/freescale/kds_3.0.0/toolchain/bin/../lib/gcc/arm-none-eabi/4.8.4/../../../../arm-none-eabi/lib/armv7e-m\libg_s.a(lib_a-wsetup.o)
 .debug_frame   0x000022f0       0x5c c:/freescale/kds_3.0.0/toolchain/bin/../lib/gcc/arm-none-eabi/4.8.4/../../../../arm-none-eabi/lib/armv7e-m\libg_s.a(lib_a-fflush.o)
 .debug_frame   0x0000234c      0x12c c:/freescale/kds_3.0.0/toolchain/bin/../lib/gcc/arm-none-eabi/4.8.4/../../../../arm-none-eabi/lib/armv7e-m\libg_s.a(lib_a-findfp.o)
 .debug_frame   0x00002478       0x30 c:/freescale/kds_3.0.0/toolchain/bin/../lib/gcc/arm-none-eabi/4.8.4/../../../../arm-none-eabi/lib/armv7e-m\libg_s.a(lib_a-makebuf.o)
 .debug_frame   0x000024a8       0x28 c:/freescale/kds_3.0.0/toolchain/bin/../lib/gcc/arm-none-eabi/4.8.4/../../../../arm-none-eabi/lib/armv7e-m\libg_s.a(lib_a-memchr-stub.o)
 .debug_frame   0x000024d0       0x2c c:/freescale/kds_3.0.0/toolchain/bin/../lib/gcc/arm-none-eabi/4.8.4/../../../../arm-none-eabi/lib/armv7e-m\libg_s.a(lib_a-nano-freer.o)
 .debug_frame   0x000024fc       0x2c c:/freescale/kds_3.0.0/toolchain/bin/../lib/gcc/arm-none-eabi/4.8.4/../../../../arm-none-eabi/lib/armv7e-m\libg_s.a(lib_a-nano-mallocr.o)
 .debug_frame   0x00002528       0x2c c:/freescale/kds_3.0.0/toolchain/bin/../lib/gcc/arm-none-eabi/4.8.4/../../../../arm-none-eabi/lib/armv7e-m\libg_s.a(lib_a-sbrkr.o)
 .debug_frame   0x00002554       0x80 c:/freescale/kds_3.0.0/toolchain/bin/../lib/gcc/arm-none-eabi/4.8.4/../../../../arm-none-eabi/lib/armv7e-m\libg_s.a(lib_a-stdio.o)
 .debug_frame   0x000025d4       0x2c c:/freescale/kds_3.0.0/toolchain/bin/../lib/gcc/arm-none-eabi/4.8.4/../../../../arm-none-eabi/lib/armv7e-m\libg_s.a(lib_a-writer.o)
 .debug_frame   0x00002600       0x2c c:/freescale/kds_3.0.0/toolchain/bin/../lib/gcc/arm-none-eabi/4.8.4/../../../../arm-none-eabi/lib/armv7e-m\libg_s.a(lib_a-closer.o)
 .debug_frame   0x0000262c       0x2c c:/freescale/kds_3.0.0/toolchain/bin/../lib/gcc/arm-none-eabi/4.8.4/../../../../arm-none-eabi/lib/armv7e-m\libg_s.a(lib_a-fstatr.o)
 .debug_frame   0x00002658       0x2c c:/freescale/kds_3.0.0/toolchain/bin/../lib/gcc/arm-none-eabi/4.8.4/../../../../arm-none-eabi/lib/armv7e-m\libg_s.a(lib_a-isattyr.o)
 .debug_frame   0x00002684       0x2c c:/freescale/kds_3.0.0/toolchain/bin/../lib/gcc/arm-none-eabi/4.8.4/../../../../arm-none-eabi/lib/armv7e-m\libg_s.a(lib_a-lseekr.o)
 .debug_frame   0x000026b0       0x2c c:/freescale/kds_3.0.0/toolchain/bin/../lib/gcc/arm-none-eabi/4.8.4/../../../../arm-none-eabi/lib/armv7e-m\libg_s.a(lib_a-readr.o)
 .debug_frame   0x000026dc       0x48 c:/freescale/kds_3.0.0/toolchain/bin/../lib/gcc/arm-none-eabi/4.8.4/../../../../arm-none-eabi/lib/armv7e-m\libg_s.a(lib_a-reent.o)
 .debug_frame   0x00002724       0x20 c:/freescale/kds_3.0.0/toolchain/bin/../lib/gcc/arm-none-eabi/4.8.4/../../../../arm-none-eabi/lib/armv7e-m\libnosys.a(close.o)
 .debug_frame   0x00002744       0x20 c:/freescale/kds_3.0.0/toolchain/bin/../lib/gcc/arm-none-eabi/4.8.4/../../../../arm-none-eabi/lib/armv7e-m\libnosys.a(fstat.o)
 .debug_frame   0x00002764       0x20 c:/freescale/kds_3.0.0/toolchain/bin/../lib/gcc/arm-none-eabi/4.8.4/../../../../arm-none-eabi/lib/armv7e-m\libnosys.a(isatty.o)
 .debug_frame   0x00002784       0x20 c:/freescale/kds_3.0.0/toolchain/bin/../lib/gcc/arm-none-eabi/4.8.4/../../../../arm-none-eabi/lib/armv7e-m\libnosys.a(lseek.o)
 .debug_frame   0x000027a4       0x20 c:/freescale/kds_3.0.0/toolchain/bin/../lib/gcc/arm-none-eabi/4.8.4/../../../../arm-none-eabi/lib/armv7e-m\libnosys.a(_exit.o)

.stab           0x00000000       0x6c
 .stab          0x00000000       0x24 c:/freescale/kds_3.0.0/toolchain/bin/../lib/gcc/arm-none-eabi/4.8.4/../../../../arm-none-eabi/lib/armv7e-m\libnosys.a(close.o)
 .stab          0x00000024       0x18 c:/freescale/kds_3.0.0/toolchain/bin/../lib/gcc/arm-none-eabi/4.8.4/../../../../arm-none-eabi/lib/armv7e-m\libnosys.a(fstat.o)
                                 0x24 (size before relaxing)
 .stab          0x0000003c       0x18 c:/freescale/kds_3.0.0/toolchain/bin/../lib/gcc/arm-none-eabi/4.8.4/../../../../arm-none-eabi/lib/armv7e-m\libnosys.a(isatty.o)
                                 0x24 (size before relaxing)
 .stab          0x00000054       0x18 c:/freescale/kds_3.0.0/toolchain/bin/../lib/gcc/arm-none-eabi/4.8.4/../../../../arm-none-eabi/lib/armv7e-m\libnosys.a(lseek.o)
                                 0x24 (size before relaxing)

.stabstr        0x00000000       0xe3
 .stabstr       0x00000000       0xe3 c:/freescale/kds_3.0.0/toolchain/bin/../lib/gcc/arm-none-eabi/4.8.4/../../../../arm-none-eabi/lib/armv7e-m\libnosys.a(close.o)
